router: NebiusRouter (Token Factory)
research: Tavily web search (api key from env)
sandbox: LocalSandbox (local temp dirs)
baseline: FAILED (2 of 94)
web research: 5 source(s) for "AssertionError sh /tmp/ngoai/tomlkit-test-cach-ly.sh"
diagnosis: 3 hypotheses (92789 tokens, $0.0338)
fork branch 1: Time class missing fold parameter in constructor
branch 1: error |  | 0 line(s) changed
fork branch 2: DateTime class missing fold parameter in constructor
branch 2: error |  | 42 line(s) changed
fork branch 3: item function not passing fold attribute for time and datetime
branch 3: error |  | 23 line(s) changed
winner: branch 1 — no branch went green; branch 1 failed least () - treat its edits as a lead, not a fix
rollback branch 2 (fork discarded)
rollback branch 3 (fork discarded)
done: 271891 tokens, ~$0.0472
patch: none written (no winning diff this run)
html -> /tmp/ngoai/run-tomlkit/fixfork-tomlkit.html
raw diagnosis -> /tmp/ngoai/run-tomlkit/fixfork-tomlkit.md.diagnosis.json
baseline: FAILED (2 of 94)
research: 5 source(s) for "AssertionError sh /tmp/ngoai/tomlkit-test-cach-ly.sh"
  branch 1: error |  | 0 line(s) changed
  branch 2: error |  | 42 line(s) changed
  branch 3: error |  | 23 line(s) changed
winner: 1 - no branch went green; branch 1 failed least () - treat its edits as a lead, not a fix
tokens: 271891 (92789 diagnosis) | cost ~ $0.0472
router spend: $0.0472 incl. retry attempts (all responses with usage)
report -> /tmp/ngoai/run-tomlkit/fixfork-tomlkit.md
EXIT=0
